[36mvite v7.3.1 [32mbuilding client environment for production...[36m[39m
transforming...
node.exe : Browserslist: browsers data (caniuse-lite) is 15 months old. 
Please run:
En línea: 1 Carácter: 1
+ & "C:\Program Files\nodejs/node.exe" "C:\Program Files\nodejs/node_mo ...
+ ~~~~~~~~~~~~~~~~~~~~~~~~~~~~~~~~~~~~~~~~~~~~~~~~~~~~~~~~~~~~~~~~~~~~~
    + CategoryInfo          : NotSpecified: (Browserslist: b...ld. Please ru 
   n::String) [], RemoteException
    + FullyQualifiedErrorId : NativeCommandError
 
  npx update-browserslist-db@latest
  Why you should do it regularly: 
https://github.com/browserslist/update-db#readme
[32mÔ£ô[39m 87 modules transformed.
rendering chunks...
computing gzip size...
[2mdist/[22m[32mindex.html                 [39m[1m[2m  0.85 kB[22m[1m[22m[2m Ôöé gzip:  0.55 kB[22m
[2mdist/[22m[35massets/index-CtKI49Fd.css  [39m[1m[2m 24.77 kB[22m[1m[22m[2m Ôöé gzip:  5.56 kB[22m
[2mdist/[22m[36massets/index-C0ltgD5O.js   [39m[1m[2m271.04 kB[22m[1m[22m[2m Ôöé gzip: 84.01 kB[22m
[32mÔ£ô built in 1.74s[39m
