
[1m[44m DEV [49m[22m [34mv4.0.3 [39m[90mC:/Users/isaac/Documents/Procesos de Software/frontendMedicalRecord2[39m

 [32mÔ£ô[39m src/__tests__/App.test.tsx [2m([22m[2m2 tests[22m[2m)[22m[32m 3[2mms[22m[39m

[2m Test Files [22m [1m[32m1 passed[39m[22m[90m (1)[39m
[2m      Tests [22m [1m[32m2 passed[39m[22m[90m (2)[39m
[2m   Start at [22m 17:38:12
[2m   Duration [22m 1.46s[2m (transform 34ms, setup 212ms, collect 10ms, tests 3ms, environment 757ms, prepare 16ms)[22m

[1m[42m PASS [49m[22m [32mWaiting for file changes...[39m
       [2mpress [22m[1mh[22m[2m to show help[22m[2m, [22m[2mpress [22m[1mq[22m[2m to quit[22m
[31mCancelling test run. Press CTRL+c again to exit forcefully.
[39m
